{"level":"warn","message":"Ruta /aaaa no encontrada con método: GET"}
{"level":"warn","message":"Ruta /randoms no encontrada con método: GET"}
{"level":"warn","message":"Ruta /favicon.ico no encontrada con método: GET"}
{"level":"warn","message":"Ruta /cgi-bin/downloadFlile.cgi no encontrada con método: GET"}
{"level":"warn","message":"Ruta /aaaa no encontrada con método: GET"}
{"level":"warn","message":"Ruta /randoms no encontrada con método: GET"}
{"level":"warn","message":"Ruta /favicon.ico no encontrada con método: GET"}
{"level":"warn","message":"Ruta /cgi-bin/downloadFlile.cgi no encontrada con método: GET"}
{"level":"warn","message":"Ruta /favicon.ico no encontrada con método: GET"}
{"level":"warn","message":"Ruta /styles.css no encontrada con método: GET"}
{"level":"warn","message":"Ruta /styles.css no encontrada con método: GET"}
{"level":"warn","message":"Ruta /styles.css no encontrada con método: GET"}
{"level":"warn","message":"Ruta /styles.css no encontrada con método: GET"}
{"level":"warn","message":"Ruta /styles.css no encontrada con método: GET"}
{"level":"warn","message":"Ruta /styles.css no encontrada con método: GET"}
{"level":"warn","message":"Ruta /styles.css no encontrada con método: GET"}
{"level":"warn","message":"Ruta /styles.css no encontrada con método: GET"}
{"level":"warn","message":"Ruta /styles.css no encontrada con método: GET"}
{"level":"warn","message":"Ruta /styles.css no encontrada con método: GET"}
{"level":"warn","message":"Ruta /styles.css no encontrada con método: GET"}
{"level":"warn","message":"Ruta /styles.css no encontrada con método: GET"}
{"level":"warn","message":"Ruta /styles.css no encontrada con método: GET"}
{"level":"warn","message":"Ruta /styles.css no encontrada con método: GET"}
{"level":"warn","message":"Ruta /styles.css no encontrada con método: GET"}
{"level":"warn","message":"Ruta /styles.css no encontrada con método: GET"}
{"level":"warn","message":"Ruta /styles.css no encontrada con método: GET"}
{"level":"warn","message":"Ruta /styles.css no encontrada con método: GET"}
{"level":"warn","message":"Ruta /styles.css no encontrada con método: GET"}
{"level":"warn","message":"Ruta /styles.css no encontrada con método: GET"}
{"level":"warn","message":"Ruta /styles.css no encontrada con método: GET"}
{"level":"warn","message":"Ruta /styles.css no encontrada con método: GET"}
{"level":"warn","message":"Ruta /styles.css no encontrada con método: GET"}
{"level":"warn","message":"Ruta /styles.css no encontrada con método: GET"}
{"level":"warn","message":"Ruta /styles.css no encontrada con método: GET"}
{"level":"warn","message":"Ruta /styles.css no encontrada con método: GET"}
{"level":"warn","message":"Ruta /styles.css no encontrada con método: GET"}
{"level":"warn","message":"Ruta /styles.css no encontrada con método: GET"}
{"level":"warn","message":"Ruta /styles.css no encontrada con método: GET"}
{"level":"warn","message":"Ruta /styles.css no encontrada con método: GET"}
{"level":"warn","message":"Ruta /styles.css no encontrada con método: GET"}
{"level":"warn","message":"Ruta /styles.css no encontrada con método: GET"}
{"level":"warn","message":"Ruta /styles.css no encontrada con método: GET"}
{"level":"warn","message":"Ruta /styles.css no encontrada con método: GET"}
{"level":"warn","message":"Ruta /styles.css no encontrada con método: GET"}
{"level":"warn","message":"Ruta /styles.css no encontrada con método: GET"}
{"level":"warn","message":"Ruta /cgi-bin/downloadFlile.cgi no encontrada con método: GET"}
{"level":"warn","message":"Ruta /styles.css no encontrada con método: GET"}
{"level":"warn","message":"Ruta /styles.css no encontrada con método: GET"}
{"level":"warn","message":"Ruta /styles.css no encontrada con método: GET"}
{"level":"warn","message":"Ruta http://ip-api.com/json/ no encontrada con método: GET"}
{"level":"warn","message":"Ruta /styles.css no encontrada con método: GET"}
{"level":"warn","message":"Ruta /styles.css no encontrada con método: GET"}
{"level":"warn","message":"Ruta /styles.css no encontrada con método: GET"}
{"level":"warn","message":"Ruta /styles.css no encontrada con método: GET"}
{"level":"warn","message":"Ruta /styles.css no encontrada con método: GET"}
{"level":"warn","message":"Ruta /styles.css no encontrada con método: GET"}
{"level":"warn","message":"Ruta /styles.css no encontrada con método: GET"}
{"level":"warn","message":"Ruta /styles.css no encontrada con método: GET"}
{"level":"warn","message":"Ruta /styles.css no encontrada con método: GET"}
{"level":"warn","message":"Ruta /styles.css no encontrada con método: GET"}
{"level":"warn","message":"Ruta /styles.css no encontrada con método: GET"}
{"level":"warn","message":"Ruta /styles.css no encontrada con método: GET"}
{"level":"warn","message":"Ruta /styles.css no encontrada con método: GET"}
{"level":"warn","message":"Ruta /styles.css no encontrada con método: GET"}
{"level":"warn","message":"Ruta /b@b.com no encontrada con método: GET"}
{"level":"warn","message":"Ruta /favicon.ico no encontrada con método: GET"}
{"level":"warn","message":"Ruta /styles.css no encontrada con método: GET"}
{"level":"warn","message":"Ruta /styles.css no encontrada con método: GET"}
{"level":"warn","message":"Ruta /styles.css no encontrada con método: GET"}
{"level":"warn","message":"Ruta /styles.css no encontrada con método: GET"}
{"level":"warn","message":"Ruta /[object%20Object] no encontrada con método: GET"}
{"level":"warn","message":"Ruta /[object%20Object] no encontrada con método: GET"}
{"level":"warn","message":"Ruta /[object%20Object] no encontrada con método: GET"}
{"level":"warn","message":"Ruta /styles.css no encontrada con método: GET"}
{"level":"warn","message":"Ruta /[object%20Object] no encontrada con método: GET"}
{"level":"warn","message":"Ruta /styles.css no encontrada con método: GET"}
{"level":"warn","message":"Ruta /styles.css no encontrada con método: GET"}
{"level":"warn","message":"Ruta /styles.css no encontrada con método: GET"}
{"level":"warn","message":"Ruta /styles.css no encontrada con método: GET"}
{"level":"warn","message":"Ruta /styles.css no encontrada con método: GET"}
{"level":"warn","message":"Ruta /styles.css no encontrada con método: GET"}
{"level":"warn","message":"Ruta /securityRealm/user/admin/search/index?q=a no encontrada con método: GET"}
{"level":"warn","message":"Ruta /styles.css no encontrada con método: GET"}
{"level":"warn","message":"Ruta /organics no encontrada con método: GET"}
{"level":"warn","message":"Ruta /inorganics no encontrada con método: GET"}
{"level":"warn","message":"Ruta /organics no encontrada con método: GET"}
{"level":"warn","message":"Ruta /organics no encontrada con método: GET"}
{"level":"warn","message":"Ruta /organics no encontrada con método: GET"}
{"level":"warn","message":"Ruta /inorganics no encontrada con método: GET"}
{"level":"warn","message":"Ruta /organics no encontrada con método: GET"}
{"level":"warn","message":"Ruta /organics no encontrada con método: GET"}
{"level":"warn","message":"Ruta /organics no encontrada con método: GET"}
{"level":"warn","message":"Ruta /routes/cart.js no encontrada con método: GET"}
{"level":"warn","message":"Ruta /routes/cart.js no encontrada con método: GET"}
{"level":"warn","message":"Ruta /styles.css no encontrada con método: GET"}
{"level":"warn","message":"Ruta /routes/cart.js no encontrada con método: GET"}
{"level":"warn","message":"Ruta /routes/cart.js no encontrada con método: GET"}
{"level":"warn","message":"Ruta /routes/cart.js no encontrada con método: GET"}
{"level":"warn","message":"Ruta /routes/cart.js no encontrada con método: GET"}
{"level":"warn","message":"Ruta /routes/cart.js no encontrada con método: GET"}
{"level":"warn","message":"Ruta /routes/cart.js no encontrada con método: GET"}
{"level":"warn","message":"Ruta /cart no encontrada con método: GET"}
{"level":"warn","message":"Ruta /routes/cart.js no encontrada con método: GET"}
{"level":"warn","message":"Ruta /routes/cart.js no encontrada con método: GET"}
{"level":"warn","message":"Ruta /routes/cart.js no encontrada con método: GET"}
{"level":"warn","message":"Ruta /routes/cart.js no encontrada con método: GET"}
{"level":"warn","message":"Ruta /routes/cart.js no encontrada con método: GET"}
{"level":"warn","message":"Ruta /routes/cart.js no encontrada con método: GET"}
{"level":"warn","message":"Ruta /routes/cart.js no encontrada con método: GET"}
{"level":"warn","message":"Ruta /routes/cart.js no encontrada con método: GET"}
{"level":"warn","message":"Ruta /routes/cart.js no encontrada con método: GET"}
{"level":"warn","message":"Ruta /routes/cart.js no encontrada con método: GET"}
{"level":"warn","message":"Ruta /routes/cart.js no encontrada con método: GET"}
{"level":"warn","message":"Ruta /routes/cart.js no encontrada con método: GET"}
{"level":"warn","message":"Ruta /cart/63f555d21f4bdec0a41fd5c5 no encontrada con método: GET"}
{"level":"warn","message":"Ruta /routes/cart.js no encontrada con método: GET"}
{"level":"warn","message":"Ruta /routes/cart.js no encontrada con método: GET"}
{"level":"warn","message":"Ruta /routes/cart.js no encontrada con método: GET"}
{"level":"warn","message":"Ruta /routes/cart.js no encontrada con método: GET"}
{"level":"warn","message":"Ruta /routes/cart.js no encontrada con método: GET"}
{"level":"warn","message":"Ruta /routes/cart.js no encontrada con método: GET"}
{"level":"warn","message":"Ruta /routes/cart.js no encontrada con método: GET"}
{"level":"warn","message":"Ruta /routes/cart.js no encontrada con método: GET"}
{"level":"warn","message":"Ruta /routes/cart.js no encontrada con método: GET"}
{"level":"warn","message":"Ruta /routes/cart.js no encontrada con método: GET"}
{"level":"warn","message":"Ruta /routes/cart.js no encontrada con método: GET"}
{"level":"warn","message":"Ruta /routes/cart.js no encontrada con método: GET"}
{"level":"warn","message":"Ruta http://ip-api.com/json/ no encontrada con método: GET"}